app/results/page.tsx(6,36): error TS2307: Cannot find module '@/lib/emails/assessmentEmail' or its corresponding type declarations.
app/results/page.tsx(7,36): error TS2307: Cannot find module '@/lib/scoring' or its corresponding type declarations.
app/results/page.tsx(157,5): error TS17004: Cannot use JSX unless the '--jsx' flag is provided.
app/results/page.tsx(158,7): error TS17004: Cannot use JSX unless the '--jsx' flag is provided.
app/results/page.tsx(159,9): error TS17004: Cannot use JSX unless the '--jsx' flag is provided.
app/results/page.tsx(160,9): error TS17004: Cannot use JSX unless the '--jsx' flag is provided.
app/results/page.tsx(162,7): error TS17004: Cannot use JSX unless the '--jsx' flag is provided.
app/results/page.tsx(163,9): error TS17004: Cannot use JSX unless the '--jsx' flag is provided.
app/results/page.tsx(184,5): error TS17004: Cannot use JSX unless the '--jsx' flag is provided.
app/results/page.tsx(188,7): error TS17004: Cannot use JSX unless the '--jsx' flag is provided.
app/results/page.tsx(189,7): error TS17004: Cannot use JSX unless the '--jsx' flag is provided.
app/results/page.tsx(190,9): error TS17004: Cannot use JSX unless the '--jsx' flag is provided.
app/results/page.tsx(191,9): error TS17004: Cannot use JSX unless the '--jsx' flag is provided.
app/results/page.tsx(207,5): error TS17004: Cannot use JSX unless the '--jsx' flag is provided.
app/results/page.tsx(209,9): error TS17004: Cannot use JSX unless the '--jsx' flag is provided.
app/results/page.tsx(213,7): error TS17004: Cannot use JSX unless the '--jsx' flag is provided.
app/results/page.tsx(223,5): error TS17004: Cannot use JSX unless the '--jsx' flag is provided.
app/results/page.tsx(224,7): error TS17004: Cannot use JSX unless the '--jsx' flag is provided.
app/results/page.tsx(306,7): error TS17004: Cannot use JSX unless the '--jsx' flag is provided.
app/results/page.tsx(307,9): error TS17004: Cannot use JSX unless the '--jsx' flag is provided.
app/results/page.tsx(308,11): error TS17004: Cannot use JSX unless the '--jsx' flag is provided.
app/results/page.tsx(311,11): error TS17004: Cannot use JSX unless the '--jsx' flag is provided.
app/results/page.tsx(315,11): error TS17004: Cannot use JSX unless the '--jsx' flag is provided.
app/results/page.tsx(328,7): error TS17004: Cannot use JSX unless the '--jsx' flag is provided.
app/results/page.tsx(329,9): error TS17004: Cannot use JSX unless the '--jsx' flag is provided.
app/results/page.tsx(330,11): error TS17004: Cannot use JSX unless the '--jsx' flag is provided.
app/results/page.tsx(331,11): error TS17004: Cannot use JSX unless the '--jsx' flag is provided.
app/results/page.tsx(332,11): error TS17004: Cannot use JSX unless the '--jsx' flag is provided.
app/results/page.tsx(343,38): error TS17004: Cannot use JSX unless the '--jsx' flag is provided.
app/results/page.tsx(366,5): error TS17004: Cannot use JSX unless the '--jsx' flag is provided.
app/results/page.tsx(367,7): error TS17004: Cannot use JSX unless the '--jsx' flag is provided.
app/results/page.tsx(370,9): error TS17004: Cannot use JSX unless the '--jsx' flag is provided.
app/results/page.tsx(371,11): error TS17004: Cannot use JSX unless the '--jsx' flag is provided.
app/results/page.tsx(374,11): error TS17004: Cannot use JSX unless the '--jsx' flag is provided.
app/results/page.tsx(377,11): error TS17004: Cannot use JSX unless the '--jsx' flag is provided.
app/results/page.tsx(383,9): error TS17004: Cannot use JSX unless the '--jsx' flag is provided.
app/results/page.tsx(384,11): error TS17004: Cannot use JSX unless the '--jsx' flag is provided.
app/results/page.tsx(387,11): error TS17004: Cannot use JSX unless the '--jsx' flag is provided.
app/results/page.tsx(390,11): error TS17004: Cannot use JSX unless the '--jsx' flag is provided.
app/results/page.tsx(393,11): error TS17004: Cannot use JSX unless the '--jsx' flag is provided.
app/results/page.tsx(399,9): error TS17004: Cannot use JSX unless the '--jsx' flag is provided.
app/results/page.tsx(401,13): error TS17004: Cannot use JSX unless the '--jsx' flag is provided.
app/results/page.tsx(410,11): error TS17004: Cannot use JSX unless the '--jsx' flag is provided.
app/results/page.tsx(416,9): error TS17004: Cannot use JSX unless the '--jsx' flag is provided.
app/results/page.tsx(417,11): error TS17004: Cannot use JSX unless the '--jsx' flag is provided.
app/results/page.tsx(419,15): error TS17004: Cannot use JSX unless the '--jsx' flag is provided.
app/results/page.tsx(431,9): error TS17004: Cannot use JSX unless the '--jsx' flag is provided.
app/results/page.tsx(432,11): error TS17004: Cannot use JSX unless the '--jsx' flag is provided.
app/results/page.tsx(434,15): error TS17004: Cannot use JSX unless the '--jsx' flag is provided.
app/results/page.tsx(435,17): error TS17004: Cannot use JSX unless the '--jsx' flag is provided.
app/results/page.tsx(436,17): error TS17004: Cannot use JSX unless the '--jsx' flag is provided.
app/results/page.tsx(443,9): error TS17004: Cannot use JSX unless the '--jsx' flag is provided.
app/results/page.tsx(444,11): error TS17004: Cannot use JSX unless the '--jsx' flag is provided.
app/results/page.tsx(446,13): error TS17004: Cannot use JSX unless the '--jsx' flag is provided.
app/results/page.tsx(447,15): error TS17004: Cannot use JSX unless the '--jsx' flag is provided.
app/results/page.tsx(450,15): error TS17004: Cannot use JSX unless the '--jsx' flag is provided.
app/results/page.tsx(452,19): error TS17004: Cannot use JSX unless the '--jsx' flag is provided.
app/results/page.tsx(453,21): error TS17004: Cannot use JSX unless the '--jsx' flag is provided.
app/results/page.tsx(454,23): error TS17004: Cannot use JSX unless the '--jsx' flag is provided.
app/results/page.tsx(456,21): error TS17004: Cannot use JSX unless the '--jsx' flag is provided.
app/results/page.tsx(462,13): error TS17004: Cannot use JSX unless the '--jsx' flag is provided.
app/results/page.tsx(464,13): error TS17004: Cannot use JSX unless the '--jsx' flag is provided.
app/results/page.tsx(465,15): error TS17004: Cannot use JSX unless the '--jsx' flag is provided.
app/results/page.tsx(468,15): error TS17004: Cannot use JSX unless the '--jsx' flag is provided.
app/results/page.tsx(470,19): error TS17004: Cannot use JSX unless the '--jsx' flag is provided.
app/results/page.tsx(471,21): error TS17004: Cannot use JSX unless the '--jsx' flag is provided.
app/results/page.tsx(472,23): error TS17004: Cannot use JSX unless the '--jsx' flag is provided.
app/results/page.tsx(474,21): error TS17004: Cannot use JSX unless the '--jsx' flag is provided.
app/results/page.tsx(483,9): error TS17004: Cannot use JSX unless the '--jsx' flag is provided.
app/results/page.tsx(484,11): error TS17004: Cannot use JSX unless the '--jsx' flag is provided.
app/results/page.tsx(487,11): error TS17004: Cannot use JSX unless the '--jsx' flag is provided.
app/results/page.tsx(488,13): error TS17004: Cannot use JSX unless the '--jsx' flag is provided.
app/results/page.tsx(491,13): error TS17004: Cannot use JSX unless the '--jsx' flag is provided.
app/results/page.tsx(493,11): error TS17004: Cannot use JSX unless the '--jsx' flag is provided.
app/results/page.tsx(503,9): error TS17004: Cannot use JSX unless the '--jsx' flag is provided.
app/results/page.tsx(504,11): error TS17004: Cannot use JSX unless the '--jsx' flag is provided.
app/results/page.tsx(507,11): error TS17004: Cannot use JSX unless the '--jsx' flag is provided.
app/results/page.tsx(510,11): error TS17004: Cannot use JSX unless the '--jsx' flag is provided.
app/results/page.tsx(514,11): error TS17004: Cannot use JSX unless the '--jsx' flag is provided.
app/results/page.tsx(515,13): error TS17004: Cannot use JSX unless the '--jsx' flag is provided.
app/results/page.tsx(519,11): error TS17004: Cannot use JSX unless the '--jsx' flag is provided.
app/results/page.tsx(525,11): error TS17004: Cannot use JSX unless the '--jsx' flag is provided.
app/results/page.tsx(529,9): error TS17004: Cannot use JSX unless the '--jsx' flag is provided.
app/results/page.tsx(530,11): error TS17004: Cannot use JSX unless the '--jsx' flag is provided.
node_modules/@auth/core/lib/utils/cookie.d.ts(1,45): error TS2305: Module '"../../types.js"' has no exported member 'RequestInternal'.
node_modules/@auth/core/lib/utils/cookie.d.ts(95,5): error TS18028: Private identifiers are only available when targeting ECMAScript 2015 and higher.
node_modules/@auth/core/lib/utils/webauthn-utils.d.ts(2,48): error TS2305: Module '"../../types.js"' has no exported member 'InternalOptions'.
node_modules/@auth/core/lib/utils/webauthn-utils.d.ts(2,65): error TS2305: Module '"../../types.js"' has no exported member 'RequestInternal'.
node_modules/@auth/core/lib/utils/webauthn-utils.d.ts(4,105): error TS2307: Cannot find module '@simplewebauthn/types' or its corresponding type declarations.
node_modules/@auth/core/providers/nodemailer.d.ts(1,50): error TS2307: Cannot find module 'nodemailer' or its corresponding type declarations.
node_modules/@auth/core/providers/nodemailer.d.ts(2,32): error TS2307: Cannot find module 'nodemailer/lib/json-transport/index.js' or its corresponding type declarations.
node_modules/@auth/core/providers/nodemailer.d.ts(3,36): error TS2307: Cannot find module 'nodemailer/lib/sendmail-transport/index.js' or its corresponding type declarations.
node_modules/@auth/core/providers/nodemailer.d.ts(4,31): error TS2307: Cannot find module 'nodemailer/lib/ses-transport/index.js' or its corresponding type declarations.
node_modules/@auth/core/providers/nodemailer.d.ts(5,27): error TS2307: Cannot find module 'nodemailer/lib/smtp-pool/index.js' or its corresponding type declarations.
node_modules/@auth/core/providers/nodemailer.d.ts(6,32): error TS2307: Cannot find module 'nodemailer/lib/smtp-transport/index.js' or its corresponding type declarations.
node_modules/@auth/core/providers/nodemailer.d.ts(7,34): error TS2307: Cannot find module 'nodemailer/lib/stream-transport/index.js' or its corresponding type declarations.
node_modules/@auth/core/providers/oauth.d.ts(15,44): error TS2552: Cannot find name 'EndpointHandler'. Did you mean 'TokenEndpointHandler'?
node_modules/@auth/core/providers/oauth.d.ts(16,36): error TS2552: Cannot find name 'EndpointHandler'. Did you mean 'TokenEndpointHandler'?
node_modules/@auth/core/providers/oauth.d.ts(30,39): error TS2552: Cannot find name 'EndpointHandler'. Did you mean 'TokenEndpointHandler'?
node_modules/@auth/core/providers/oauth.d.ts(182,43): error TS2552: Cannot find name 'OAuthConfigInternal'. Did you mean 'OIDCConfigInternal'?
node_modules/@auth/core/providers/webauthn.d.ts(1,134): error TS2307: Cannot find module '@simplewebauthn/server' or its corresponding type declarations.
node_modules/@auth/core/providers/webauthn.d.ts(3,155): error TS2307: Cannot find module '@simplewebauthn/server' or its corresponding type declarations.
node_modules/@auth/core/providers/webauthn.d.ts(4,15): error TS2305: Module '"../types.js"' has no exported member 'InternalOptions'.
node_modules/@auth/core/providers/webauthn.d.ts(4,32): error TS2305: Module '"../types.js"' has no exported member 'RequestInternal'.
node_modules/next-auth/react.d.ts(15,75): error TS2305: Module '"./lib/client.js"' has no exported member 'SignInAuthorizationParams'.
node_modules/next-auth/react.d.ts(100,71): error TS2503: Cannot find namespace 'JSX'.
node_modules/next/dist/build/templates/app-page.d.ts(3,25): error TS2307: Cannot find module 'VAR_MODULE_GLOBAL_ERROR' or its corresponding type declarations.
node_modules/next/dist/build/webpack-config.d.ts(10,104): error TS2694: Namespace '"C:/Users/KIIT/Desktop/my_project/my-app/node_modules/next/dist/compiled/webpack/webpack".webpack' has no exported member 'RuleSetUseItem'.
node_modules/next/dist/build/webpack/loaders/next-app-loader/index.d.ts(1,13): error TS2613: Module '"C:/Users/KIIT/Desktop/my_project/my-app/node_modules/next/dist/compiled/webpack/webpack"' has no default export. Did you mean to use 'import { webpack } from "C:/Users/KIIT/Desktop/my_project/my-app/node_modules/next/dist/compiled/webpack/webpack"' instead?
node_modules/next/dist/client/components/error-boundary.d.ts(1,8): error TS1259: Module '"C:/Users/KIIT/Desktop/my_project/my-app/node_modules/@types/react/index"' can only be default-imported using the 'esModuleInterop' flag
node_modules/next/dist/client/components/http-access-fallback/error-boundary.d.ts(11,8): error TS1259: Module '"C:/Users/KIIT/Desktop/my_project/my-app/node_modules/@types/react/index"' can only be default-imported using the 'esModuleInterop' flag
node_modules/next/dist/client/components/layout-router.d.ts(2,8): error TS1259: Module '"C:/Users/KIIT/Desktop/my_project/my-app/node_modules/@types/react/index"' can only be default-imported using the 'esModuleInterop' flag
node_modules/next/dist/client/with-router.d.ts(1,8): error TS1259: Module '"C:/Users/KIIT/Desktop/my_project/my-app/node_modules/@types/react/index"' can only be default-imported using the 'esModuleInterop' flag
node_modules/next/dist/lib/metadata/metadata.d.ts(1,8): error TS1259: Module '"C:/Users/KIIT/Desktop/my_project/my-app/node_modules/@types/react/index"' can only be default-imported using the 'esModuleInterop' flag
node_modules/next/dist/next-devtools/userspace/pages/pages-dev-overlay-setup.d.ts(1,8): error TS1259: Module '"C:/Users/KIIT/Desktop/my_project/my-app/node_modules/@types/react/index"' can only be default-imported using the 'esModuleInterop' flag
node_modules/next/dist/server/app-render/entry-base.d.ts(1,114): error TS2307: Cannot find module 'react-server-dom-webpack/server' or its corresponding type declarations.
node_modules/next/dist/server/app-render/entry-base.d.ts(2,27): error TS2307: Cannot find module 'react-server-dom-webpack/static' or its corresponding type declarations.
node_modules/next/dist/server/web/spec-extension/adapters/headers.d.ts(39,16): error TS2304: Cannot find name 'HeadersIterator'.
node_modules/next/dist/server/web/spec-extension/adapters/headers.d.ts(40,13): error TS2304: Cannot find name 'HeadersIterator'.
node_modules/next/dist/server/web/spec-extension/adapters/headers.d.ts(41,15): error TS2304: Cannot find name 'HeadersIterator'.
node_modules/next/dist/server/web/spec-extension/adapters/headers.d.ts(42,26): error TS2304: Cannot find name 'HeadersIterator'.
node_modules/next/dist/shared/lib/app-router-context.shared-runtime.d.ts(4,8): error TS1259: Module '"C:/Users/KIIT/Desktop/my_project/my-app/node_modules/@types/react/index"' can only be default-imported using the 'esModuleInterop' flag
node_modules/next/dist/shared/lib/app-router-types.d.ts(7,13): error TS1259: Module '"C:/Users/KIIT/Desktop/my_project/my-app/node_modules/@types/react/index"' can only be default-imported using the 'esModuleInterop' flag
node_modules/next/dist/shared/lib/head-manager-context.shared-runtime.d.ts(1,8): error TS1259: Module '"C:/Users/KIIT/Desktop/my_project/my-app/node_modules/@types/react/index"' can only be default-imported using the 'esModuleInterop' flag
node_modules/next/dist/shared/lib/image-config-context.shared-runtime.d.ts(1,8): error TS1259: Module '"C:/Users/KIIT/Desktop/my_project/my-app/node_modules/@types/react/index"' can only be default-imported using the 'esModuleInterop' flag
node_modules/next/dist/shared/lib/loadable-context.shared-runtime.d.ts(1,8): error TS1259: Module '"C:/Users/KIIT/Desktop/my_project/my-app/node_modules/@types/react/index"' can only be default-imported using the 'esModuleInterop' flag
node_modules/next/dist/shared/lib/loadable.shared-runtime.d.ts(21,8): error TS1259: Module '"C:/Users/KIIT/Desktop/my_project/my-app/node_modules/@types/react/index"' can only be default-imported using the 'esModuleInterop' flag
node_modules/next/dist/shared/lib/router-context.shared-runtime.d.ts(1,8): error TS1259: Module '"C:/Users/KIIT/Desktop/my_project/my-app/node_modules/@types/react/index"' can only be default-imported using the 'esModuleInterop' flag
node_modules/next/dist/shared/lib/server-inserted-html.shared-runtime.d.ts(1,8): error TS1259: Module '"C:/Users/KIIT/Desktop/my_project/my-app/node_modules/@types/react/index"' can only be default-imported using the 'esModuleInterop' flag
node_modules/next/dist/shared/lib/utils.d.ts(10,13): error TS1192: Module '"fs"' has no default export.
